// Vitest Snapshot v1, https://vitest.dev/guide/snapshot.html

exports[`Render tests > Matches snapshot 1`] = `
<div>
  <div
    class="flex flex-col items-center gap-7 p-5 bg-pinkBeige md:p-8 lg:p-8"
  >
    <h2
      class="font-cormorant text-xl md:text-2xl lg:text-4xl"
    >
      An online marketplace for creative crafts!
    </h2>
    <div
      class="flex gap-5 md:gap-16 lg:gap-16"
    >
      <a
        aria-label="Back to school"
        href="/1"
      >
        <div
          data-testid="mock-category-preview"
        >
          <img
            src="/src/assets/categories/back-to-school.jpg"
          />
          <p>
            Back to school
          </p>
        </div>
      </a>
      <a
        aria-label="Home decor"
        href="/2"
      >
        <div
          data-testid="mock-category-preview"
        >
          <img
            src="/src/assets/categories/home-decor.jpg"
          />
          <p>
            Home decor
          </p>
        </div>
      </a>
      <a
        aria-label="Jewellery"
        href="/3"
      >
        <div
          data-testid="mock-category-preview"
        >
          <img
            src="/src/assets/categories/jewellery.jpg"
          />
          <p>
            Jewellery
          </p>
        </div>
      </a>
      <a
        aria-label="Clothing"
        href="/4"
      >
        <div
          data-testid="mock-category-preview"
        >
          <img
            src="/src/assets/categories/clothing.jpg"
          />
          <p>
            Clothing
          </p>
        </div>
      </a>
    </div>
  </div>
</div>
`;
