// Vitest Snapshot v1, https://vitest.dev/guide/snapshot.html

exports[`Error page tests > Matches snapshot 1`] = `
<div>
  <div
    class="flex flex-col h-screen p-6 gap-3"
  >
    <p
      class="text-2xl"
    >
      Oops! This page does not exist
    </p>
    <a
      class="text-blue-900 font-bold "
      href="/"
    >
      <i
        class="fa-solid fa-arrow-left"
      />
       Go back to Home page
    </a>
  </div>
</div>
`;
