// Vitest Snapshot v1, https://vitest.dev/guide/snapshot.html

exports[`Header component > Matches snapshot 1`] = `
<div>
  <div
    class=" bg-purple text-white flex items-center gap-3 p-3 border-b border-gray-300 md:p-6 md:gap-6 md:pl-16 md:pr-16 lg:pl-28 lg:pr-28 lg:p-5 lg:gap-10"
  >
    <div
      class="flex items-center gap-3 flex-1"
    >
      <a
        href="/"
      >
        <h1
          class="text-xl md:text-2xl lg:text-3xl"
        >
          FakeStore
        </h1>
      </a>
      <input
        class="rounded-full bg-gray-100 w-full p-1 font-light text-xs md:text-sm lg:p-2.5 lg:text-base"
        placeholder="Search for anything"
        type="search"
      />
      <button
        aria-label="search"
      >
        <i
          class="fa-solid fa-magnifying-glass text-sm lg:text-xl"
        />
      </button>
    </div>
    <div
      class="flex gap-2 items-center transform transition-transform ease-in-out duration-200 hover:scale-110"
    >
      <button
        aria-label="basket"
        data-testid="basket-icon"
      >
        <i
          class="fa-solid fa-basket-shopping text-sm lg:text-xl"
        />
      </button>
      <p
        data-testid="basket-quantity"
      >
        0
      </p>
    </div>
  </div>
</div>
`;
