// Vitest Snapshot v1, https://vitest.dev/guide/snapshot.html

exports[`Render tests > Matches snapshot 1`] = `
<div>
  <div
    class="flex flex-col h-screen p-6 gap-3"
  >
    <p
      class="text-2xl"
    >
      Oops! This product does not exist
    </p>
    <a
      class="text-blue-900 font-bold "
      href="/jewelery"
    >
      <i
        class="fa-solid fa-arrow-left"
      />
       Go back to 
      jewelery
       page
    </a>
  </div>
</div>
`;
