// Vitest Snapshot v1, https://vitest.dev/guide/snapshot.html

exports[`Render tests > Matches snapshot 1`] = `
<div>
  <div
    class="flex-1 flex flex-col gap-8 mt-10 mb-10 ml-8 mr-8 lg:mt-16 lg:mb-16 lg:ml-32 lg:mr-32"
  >
    <div
      class="flex flex-col gap-2"
    >
      <a
        class="text-blue-900 font-bold"
        href="/"
      >
        <i
          class="fa-solid fa-arrow-left"
        />
         Back to Home page
      </a>
      <h2
        class="text-base font-light lg:text-xl"
      >
        All 
        electronics
         products
      </h2>
      <p
        class="font-light"
      >
        0
         results
      </p>
    </div>
    <p>
      Loading...
    </p>
  </div>
</div>
`;
